
DevTools listening on ws://127.0.0.1:63304/devtools/browser/38d198ff-a01a-4a32-996c-be037e4db5d4
[35304:47848:0926/111115.021:ERROR:google_apis\gcm\engine\registration_request.cc:291] Registration response error message: DEPRECATED_ENDPOINT
Created TensorFlow Lite XNNPACK delegate for CPU.
[35304:47824:0926/111130.489:ERROR:chrome\updater\ipc\update_service_dialer_win.cc:75] Failed to open named pipe server process 46756: Access is denied. (0x5)
[35304:24688:0926/111130.489:ERROR:chrome\updater\ipc\update_service_dialer_win.cc:75] Failed to open named pipe server process 46756: Access is denied. (0x5)
[35304:47824:0926/111130.632:ERROR:chrome\updater\ipc\update_service_dialer_win.cc:75] Failed to open named pipe server process 43672: Access is denied. (0x5)
[35304:24688:0926/111130.779:ERROR:chrome\updater\ipc\update_service_dialer_win.cc:75] Failed to open named pipe server process 48636: Access is denied. (0x5)
[35304:47824:0926/111132.839:ERROR:chrome\updater\ipc\update_service_dialer_win.cc:75] Failed to open named pipe server process 48104: Access is denied. (0x5)
[35304:24688:0926/111132.985:ERROR:chrome\updater\ipc\update_service_dialer_win.cc:75] Failed to open named pipe server process 48484: Access is denied. (0x5)
[35304:47848:0926/111138.438:ERROR:google_apis\gcm\engine\registration_request.cc:291] Registration response error message: DEPRECATED_ENDPOINT
[35304:47848:0926/111219.588:ERROR:google_apis\gcm\engine\registration_request.cc:291] Registration response error message: DEPRECATED_ENDPOINT

DevTools listening on ws://127.0.0.1:62936/devtools/browser/4c172503-fde4-403d-afcb-90bf4c561f4f
[51216:48300:0926/112531.237:ERROR:google_apis\gcm\engine\registration_request.cc:291] Registration response error message: DEPRECATED_ENDPOINT
Created TensorFlow Lite XNNPACK delegate for CPU.
[51216:42696:0926/112546.701:ERROR:chrome\updater\ipc\update_service_dialer_win.cc:75] Failed to open named pipe server process 42548: Access is denied. (0x5)
[51216:51108:0926/112546.869:ERROR:chrome\updater\ipc\update_service_dialer_win.cc:75] Failed to open named pipe server process 50468: Access is denied. (0x5)
[51216:42696:0926/112547.018:ERROR:chrome\updater\ipc\update_service_dialer_win.cc:75] Failed to open named pipe server process 8832: Access is denied. (0x5)
[51216:51108:0926/112549.095:ERROR:chrome\updater\ipc\update_service_dialer_win.cc:75] Failed to open named pipe server process 51180: Access is denied. (0x5)
[51216:42696:0926/112549.244:ERROR:chrome\updater\ipc\update_service_dialer_win.cc:75] Failed to open named pipe server process 50740: Access is denied. (0x5)
[51216:51108:0926/112551.329:ERROR:chrome\updater\ipc\update_service_dialer_win.cc:75] Failed to open named pipe server process 51504: Access is denied. (0x5)
[51216:48300:0926/112556.951:ERROR:google_apis\gcm\engine\registration_request.cc:291] Registration response error message: DEPRECATED_ENDPOINT
[51216:48300:0926/112654.786:ERROR:google_apis\gcm\engine\registration_request.cc:291] Registration response error message: DEPRECATED_ENDPOINT
